// Jest Snapshot v1, https://goo.gl/fbAQLP

exports[`RotatingBarbellIcon 1`] = `<View />`;
