// Jest Snapshot v1, https://goo.gl/fbAQLP

exports[`FriendRequestNotif should render sender's username and content 1`] = `
<View>
  <View
    className="ml-3 mr-3 mt-4 flex flex-row items-center"
  >
    <View
      className="mr-2"
    >
      <Text
        allowFontScaling={false}
        selectable={false}
        style={
          [
            {
              "color": "#CACACA",
              "fontSize": 56,
            },
            undefined,
            {
              "fontFamily": "material-community",
              "fontStyle": "normal",
              "fontWeight": "normal",
            },
            {},
          ]
        }
      >
        ó°™„
      </Text>
    </View>
    <View
      className="flex flex-1 flex-col"
    >
      <Text
        className="mb-2 mr-2"
        style={
          {
            "color": "#CACACA",
          }
        }
        testID="sender-username-with-content"
      >
        username
         
        wants to be your friend
      </Text>
      <View
        className="flex flex-row justify-between"
      >
        <View
          accessibilityState={
            {
              "busy": undefined,
              "checked": undefined,
              "disabled": undefined,
              "expanded": undefined,
              "selected": undefined,
            }
          }
          accessibilityValue={
            {
              "max": undefined,
              "min": undefined,
              "now": undefined,
              "text": undefined,
            }
          }
          accessible={true}
          collapsable={false}
          focusable={true}
          onClick={[Function]}
          onResponderGrant={[Function]}
          onResponderMove={[Function]}
          onResponderRelease={[Function]}
          onResponderTerminate={[Function]}
          onResponderTerminationRequest={[Function]}
          onStartShouldSetResponder={[Function]}
          style={
            {
              "backgroundColor": "#48476D",
              "opacity": 1,
            }
          }
        >
          <Text
            className="text-center"
            style={
              {
                "color": "#CACACA",
              }
            }
          >
            Accept
          </Text>
        </View>
        <View
          accessibilityState={
            {
              "busy": undefined,
              "checked": undefined,
              "disabled": undefined,
              "expanded": undefined,
              "selected": undefined,
            }
          }
          accessibilityValue={
            {
              "max": undefined,
              "min": undefined,
              "now": undefined,
              "text": undefined,
            }
          }
          accessible={true}
          collapsable={false}
          focusable={true}
          onClick={[Function]}
          onResponderGrant={[Function]}
          onResponderMove={[Function]}
          onResponderRelease={[Function]}
          onResponderTerminate={[Function]}
          onResponderTerminationRequest={[Function]}
          onStartShouldSetResponder={[Function]}
          style={
            {
              "backgroundColor": "#CACACA",
              "opacity": 1,
            }
          }
        >
          <Text
            className="text-center"
            style={
              {
                "color": "#1C1B1B",
              }
            }
          >
            Decline
          </Text>
        </View>
      </View>
      <Text
        className="pb-2 pt-2 text-right"
        style={
          {
            "color": "#CACACA",
            "fontSize": 11,
          }
        }
        testID="timeAgoText"
      >
        4 weeks ago
      </Text>
    </View>
  </View>
  <View
    className="ml-3 mr-3"
    style={
      {
        "borderBottomColor": "#737272",
        "borderBottomWidth": 1,
      }
    }
  />
</View>
`;
