// Jest Snapshot v1, https://goo.gl/fbAQLP

exports[`GenderSwitch should match snapshot 1`] = `
<View
  style={
    {
      "alignItems": "center",
      "flexDirection": "row",
      "marginBottom": 11.25,
    }
  }
>
  <View
    accessibilityState={
      {
        "busy": undefined,
        "checked": undefined,
        "disabled": undefined,
        "expanded": undefined,
        "selected": undefined,
      }
    }
    accessibilityValue={
      {
        "max": undefined,
        "min": undefined,
        "now": undefined,
        "text": undefined,
      }
    }
    accessible={true}
    collapsable={false}
    focusable={true}
    onClick={[Function]}
    onResponderGrant={[Function]}
    onResponderMove={[Function]}
    onResponderRelease={[Function]}
    onResponderTerminate={[Function]}
    onResponderTerminationRequest={[Function]}
    onStartShouldSetResponder={[Function]}
    style={
      {
        "opacity": 1,
      }
    }
  >
    <View
      collapsable={false}
      style={
        {
          "backgroundColor": "rgba(121, 121, 121, 1)",
          "borderRadius": 18.75,
          "height": 37.5,
          "justifyContent": "center",
          "marginRight": 7.5,
          "width": 112.5,
        }
      }
    >
      <View
        collapsable={false}
        style={
          {
            "backgroundColor": "#48476D",
            "borderRadius": 37.5,
            "height": 26.250000000000004,
            "marginLeft": 7.5,
            "width": 26.250000000000004,
          }
        }
      />
    </View>
  </View>
</View>
`;
