// Jest Snapshot v1, https://goo.gl/fbAQLP

exports[`Toggle component should match snapshop 1`] = `
<View
  style={
    {
      "alignItems": "center",
      "flexDirection": "row",
      "marginBottom": 11.25,
    }
  }
  testID="toggle-container"
>
  <View
    accessibilityState={
      {
        "busy": undefined,
        "checked": undefined,
        "disabled": undefined,
        "expanded": undefined,
        "selected": undefined,
      }
    }
    accessibilityValue={
      {
        "max": undefined,
        "min": undefined,
        "now": undefined,
        "text": undefined,
      }
    }
    accessible={true}
    collapsable={false}
    focusable={true}
    onClick={[Function]}
    onResponderGrant={[Function]}
    onResponderMove={[Function]}
    onResponderRelease={[Function]}
    onResponderTerminate={[Function]}
    onResponderTerminationRequest={[Function]}
    onStartShouldSetResponder={[Function]}
    style={
      {
        "opacity": 1,
      }
    }
  >
    <View
      collapsable={false}
      style={
        {
          "backgroundColor": "rgba(58, 58, 58, 1)",
          "borderRadius": 18.75,
          "height": 37.5,
          "justifyContent": "center",
          "marginRight": 7.5,
          "width": 112.5,
        }
      }
      testID="toggle-switch"
    >
      <View
        collapsable={false}
        style={
          {
            "backgroundColor": "#D9D9D9",
            "borderRadius": 37.5,
            "height": 26.250000000000004,
            "marginLeft": 7.5,
            "width": 26.250000000000004,
          }
        }
        testID="toggle-circle"
      />
    </View>
  </View>
  <Text
    style={
      {
        "color": "#CACACA",
        "fontSize": 30,
      }
    }
    testID="toggle-label"
  >
    Test
  </Text>
</View>
`;
