// Jest Snapshot v1, https://goo.gl/fbAQLP

exports[`TimeAgo renders correctly and matches snapshot 1`] = `
<Text
  className="pb-2 pt-2 text-right"
  style={
    {
      "color": "#CACACA",
      "fontSize": 11,
    }
  }
  testID="timeAgoText"
>
  Just now
</Text>
`;
