// Jest Snapshot v1, https://goo.gl/fbAQLP

exports[`Divider matches snapshot 1`] = `
<View
  style={
    [
      {
        "backgroundColor": "#3b3b3b",
        "height": 1,
        "width": "100%",
      },
      undefined,
    ]
  }
  testID="divider"
/>
`;
