// Jest Snapshot v1, https://goo.gl/fbAQLP

exports[`FrontBackSwitch should match snapshot 1`] = `
<View
  style={
    {
      "alignItems": "center",
      "flexDirection": "row",
      "marginBottom": 11.25,
    }
  }
>
  <View
    accessibilityState={
      {
        "busy": undefined,
        "checked": undefined,
        "disabled": undefined,
        "expanded": undefined,
        "selected": undefined,
      }
    }
    accessibilityValue={
      {
        "max": undefined,
        "min": undefined,
        "now": undefined,
        "text": undefined,
      }
    }
    accessible={true}
    collapsable={false}
    focusable={true}
    onClick={[Function]}
    onResponderGrant={[Function]}
    onResponderMove={[Function]}
    onResponderRelease={[Function]}
    onResponderTerminate={[Function]}
    onResponderTerminationRequest={[Function]}
    onStartShouldSetResponder={[Function]}
    style={
      {
        "opacity": 1,
      }
    }
  >
    <View
      collapsable={false}
      style={
        {
          "backgroundColor": "rgba(121, 121, 121, 1)",
          "borderRadius": 15,
          "height": 75,
          "justifyContent": "center",
          "marginRight": 9,
          "width": 525,
        }
      }
    >
      <View
        collapsable={false}
        style={
          {
            "backgroundColor": "#48476D",
            "borderRadius": 15,
            "height": 75,
            "marginLeft": 0,
            "width": 262.5,
          }
        }
      />
    </View>
    <Text
      style={
        {
          "color": "#CACACA",
          "fontSize": 30,
          "height": 75,
          "left": -150,
          "margin": 10,
          "position": "absolute",
          "textAlign": "center",
          "top": 0,
          "width": 525,
        }
      }
    >
      FRONT
    </Text>
    <Text
      style={
        {
          "color": "#CACACA",
          "fontSize": 30,
          "height": 75,
          "left": 112.5,
          "margin": 10,
          "position": "absolute",
          "textAlign": "center",
          "top": 0,
          "width": 525,
        }
      }
    >
      BACK
    </Text>
  </View>
  <Text
    style={
      {
        "color": "#CACACA",
        "fontSize": 30,
      }
    }
  >
    test
  </Text>
</View>
`;
